// Jest Snapshot v1, https://goo.gl/fbAQLP

exports[`>>>Dropdown renders itself correctly 1`] = `
Array [
  <div
    className=""
    onClick={[Function]}
  />,
  <div
    className="  "
  >
    <ul>
      <li>
        <a
          href="/route"
          onClick={[Function]}
        >
          title
        </a>
      </li>
    </ul>
  </div>,
]
`;
