// Jest Snapshot v1, https://goo.gl/fbAQLP

exports[`>>>Pattern renders pattern correctly 1`] = `
<div>
  <p>
    <span>
      title
    </span>
    <button
      onClick={[Function]}
    >
      <i
        className="undefined undefined"
      />
    </button>
  </p>
  <pre>
    <code>
      code
    </code>
  </pre>
</div>
`;
