// Jest Snapshot v1, https://goo.gl/fbAQLP

exports[`>>>Code renders code correctly 1`] = `
<div>
  <div>
    <p>
      <span>
        Styles
      </span>
      <button
        onClick={[Function]}
      >
        <i
          className="undefined undefined"
        />
      </button>
    </p>
    <pre>
      <code>
        .previewClass {
  border: 1px solid blue;
}
      </code>
    </pre>
  </div>
  <div>
    <p>
      <span>
        Markup
      </span>
      <button
        onClick={[Function]}
      >
        <i
          className="undefined undefined"
        />
      </button>
    </p>
    <pre>
      <code>
        &lt;div class="previewClass"&gt;&lt;/div&gt;
      </code>
    </pre>
  </div>
</div>
`;
