// Jest Snapshot v1, https://goo.gl/fbAQLP

exports[`>>>Editor renders itself correctly 1`] = `
Array [
  <div>
    <div>
      <div
        className=" "
      />
      <a
        href=""
        onClick={[Function]}
      >
        Hide Examples
      </a>
      <div>
        <div
          dangerouslySetInnerHTML={
            Object {
              "__html": undefined,
            }
          }
        />
      </div>
      <a
        href="/login"
        onClick={[Function]}
      >
        Save
      </a>
    </div>
    <div>
      <div
        className="Tabs"
        data-tabs={true}
        onClick={[Function]}
        onKeyDown={[Function]}
      >
        <ul
          className="react-tabs__tab-list"
          role="tablist"
        >
          <li
            aria-controls="react-tabs-1"
            aria-disabled="false"
            aria-selected="true"
            className="react-tabs__tab react-tabs__tab--selected"
            id="react-tabs-0"
            role="tab"
            style={
              Object {
                "width": "calc(50% + 18px)",
              }
            }
            tabIndex="0"
          >
            Generator
          </li>
          <li
            aria-controls="react-tabs-3"
            aria-disabled="false"
            aria-selected="false"
            className="react-tabs__tab"
            id="react-tabs-2"
            role="tab"
            style={
              Object {
                "width": "calc(50% + 18px)",
              }
            }
            tabIndex={null}
          >
            Code
          </li>
        </ul>
        <div
          aria-labelledby="react-tabs-0"
          className="react-tabs__tab-panel react-tabs__tab-panel--selected"
          id="react-tabs-1"
          role="tabpanel"
        >
          <div>
            <button
              onClick={[Function]}
            >
              Clear All
            </button>
            <div>
              <label>
                <span />
                <span />
              </label>
              <div
                className="rc-slider"
                onBlur={[Function]}
                onFocus={[Function]}
                onKeyDown={[Function]}
                onMouseDown={[Function]}
                onMouseUp={[Function]}
                onTouchStart={[Function]}
              >
                <div
                  className="rc-slider-rail"
                  style={Object {}}
                />
                <div
                  className="rc-slider-track"
                  style={
                    Object {
                      "left": "0%",
                      "width": "0%",
                    }
                  }
                />
                <div
                  className="rc-slider-step"
                />
                <div
                  aria-disabled={false}
                  aria-valuemax={100}
                  aria-valuemin={0}
                  aria-valuenow={0}
                  className="rc-slider-handle"
                  onBlur={[Function]}
                  onKeyDown={[Function]}
                  onMouseEnter={[Function]}
                  onMouseLeave={[Function]}
                  role="slider"
                  style={
                    Object {
                      "left": "0%",
                    }
                  }
                  tabIndex={0}
                />
                <div
                  className="rc-slider-mark"
                />
              </div>
            </div>
          </div>
        </div>
        <div
          aria-labelledby="react-tabs-2"
          className="react-tabs__tab-panel"
          id="react-tabs-3"
          role="tabpanel"
        />
      </div>
    </div>
  </div>,
  <div
    className=" "
  >
    <form
      onSubmit={[Function]}
    >
      <label
        htmlFor="title"
      >
        Enter title:
      </label>
      <input
        id="title"
        name="title"
        onChange={[Function]}
        type="text"
      />
      <div>
        <button
          onClick={[Function]}
        >
          Cancel
        </button>
        <input
          disabled={true}
          type="submit"
          value="Save"
        />
      </div>
    </form>
  </div>,
]
`;
