// Jest Snapshot v1, https://goo.gl/fbAQLP

exports[`>>>Example renders example correctly 1`] = `
<div
  className={undefined}
  onClick={[Function]}
>
  <div
    dangerouslySetInnerHTML={
      Object {
        "__html": "<div class=\\"previewClass\\"></div>",
      }
    }
  />
  <p>
    name
  </p>
</div>
`;
