// Jest Snapshot v1, https://goo.gl/fbAQLP

exports[`>>>ShowBy renders correctly 1`] = `
<div>
  <p>
    Show by
    <select
      onChange={[Function]}
      value="10"
    >
      <option
        value={5}
      >
        5
      </option>
      <option
        value={10}
      >
        10
      </option>
      <option
        value={20}
      >
        20
      </option>
      <option
        value={50}
      >
        50
      </option>
    </select>
    /
    20
  </p>
</div>
`;
